// Jest Snapshot v1, https://goo.gl/fbAQLP

exports[`FoercastDetails renders correctly 1`] = `
<DocumentFragment>
  <div
    class="forecast-details"
    data-testid="forecast-details"
  >
    <div
      class="forecast-details__date"
    >
      Thu Jan 01 1970
    </div>
    <div
      class="forecast-details__temperature"
    >
      22Â°C
    </div>
    <div
      class="forecast-details__humidity"
    >
      "Humidity:30%"
    </div>
    <div
      class="forecast-details__windSpeed"
    >
      Wind Speed: 12
    </div>
    <div
      class="forecast-details__windDirection"
    >
      Wind Direction: SOUTH
    </div>
  </div>
</DocumentFragment>
`;
